PS C:\samurai_lesson> mkdir git_challenge


    ディレクトリ: C:\samurai_lesson


Mode                 LastWriteTime         Length Name
----                 -------------         ------ ----
d-----        2024/10/09     17:49                git_challenge


PS C:\samurai_lesson> cd git_challenge
PS C:\samurai_lesson\git_challenge> git init
Initialized empty Git repository in C:/samurai_lesson/git_challenge/.git/
PS C:\samurai_lesson\git_challenge> git add hello_world.txt
PS C:\samurai_lesson\git_challenge> git commit -m "hello_world.txtを追加"
[main (root-commit) f6483e4] hello_world.txtを追加
 1 file changed, 1 insertion(+)
 create mode 100644 hello_world.txt
PS C:\samurai_lesson\git_challenge> git add .
PS C:\samurai_lesson\git_challenge> git commit -m "日本語訳を追記" 
[main 47ae2d5] 日本語訳を追記
 1 file changed, 2 insertions(+), 1 deletion(-)
PS C:\samurai_lesson\git_challenge> git log --oneline
47ae2d5 (HEAD -> main) 日本語訳を追記
f6483e4 hello_world.txtを追加